24 19 1 5 25 13 0 1 1 0 5 12 13 0 1 1 13 0 1 1 11 0 1 1 12 15 -1 13 0 1 1 11 22 21 2